\BOOKMARK [1][-]{section.1}{\376\377\000E\000x\000a\000m\000p\000l\000e\000s}{}% 1
\BOOKMARK [2][-]{subsection.1.1}{\376\377\000P\000i\000c\000t\000u\000r\000e\000s}{section.1}% 2
\BOOKMARK [2][-]{subsection.1.2}{\376\377\000C\000i\000t\000a\000t\000i\000o\000n}{section.1}% 3
